AR control_m behavioral "C:/Users/Alvaro/Documents/universidad/Asignaturas/Tercero/Sistemas electronicos/Donkey_Kong/control_m.vhd" sub00/vhpl19 1547212635
AR gen_color behavioral "C:/Users/Alvaro/Documents/universidad/Asignaturas/Tercero/Sistemas electronicos/Donkey_Kong/Gen_color.vhd" sub00/vhpl11 1547212627
EN barril_mem NULL "C:/Users/Alvaro/Documents/universidad/Asignaturas/Tercero/Sistemas electronicos/Donkey_Kong/ipcore_dir/barril_mem.vhd" sub00/vhpl24 1547212640
EN control_b NULL "C:/Users/Alvaro/Documents/universidad/Asignaturas/Tercero/Sistemas electronicos/Donkey_Kong/control_b.vhd" sub00/vhpl20 1547212636
EN sprites NULL "C:/Users/Alvaro/Documents/universidad/Asignaturas/Tercero/Sistemas electronicos/Donkey_Kong/ipcore_dir/sprites.vhd" sub00/vhpl02 1547212618
AR sprites sprites_a "C:/Users/Alvaro/Documents/universidad/Asignaturas/Tercero/Sistemas electronicos/Donkey_Kong/ipcore_dir/sprites.vhd" sub00/vhpl03 1547212619
EN dk NULL "C:/Users/Alvaro/Documents/universidad/Asignaturas/Tercero/Sistemas electronicos/Donkey_Kong/DK.vhd" sub00/vhpl26 1547212642
AR stage behavioral "C:/Users/Alvaro/Documents/universidad/Asignaturas/Tercero/Sistemas electronicos/Donkey_Kong/stage.vhd" sub00/vhpl15 1547212631
EN control_m NULL "C:/Users/Alvaro/Documents/universidad/Asignaturas/Tercero/Sistemas electronicos/Donkey_Kong/control_m.vhd" sub00/vhpl18 1547212634
AR vga_driver behavioral "C:/Users/Alvaro/Documents/universidad/Asignaturas/Tercero/Sistemas electronicos/Donkey_Kong/VGA_driver.vhd" sub00/vhpl13 1547212629
EN stage NULL "C:/Users/Alvaro/Documents/universidad/Asignaturas/Tercero/Sistemas electronicos/Donkey_Kong/stage.vhd" sub00/vhpl14 1547212630
AR comparador behavioral "C:/Users/Alvaro/Documents/universidad/Asignaturas/Tercero/Sistemas electronicos/Donkey_Kong/comparador.vhd" sub00/vhpl09 1547212625
AR freq_pixe behavioral "C:/Users/Alvaro/Documents/universidad/Asignaturas/Tercero/Sistemas electronicos/Donkey_Kong/Freq_Pixe.vhd" sub00/vhpl05 1547212621
AR mario behavioral "C:/Users/Alvaro/Documents/universidad/Asignaturas/Tercero/Sistemas electronicos/Donkey_Kong/Mario.vhd" sub00/vhpl17 1547212633
AR barril behavioral "C:/Users/Alvaro/Documents/universidad/Asignaturas/Tercero/Sistemas electronicos/Donkey_Kong/barril.vhd" sub00/vhpl23 1547212639
AR sprites2 sprites2_a "C:/Users/Alvaro/Documents/universidad/Asignaturas/Tercero/Sistemas electronicos/Donkey_Kong/ipcore_dir/sprites2.vhd" sub00/vhpl29 1545427874
EN freq_pixe NULL "C:/Users/Alvaro/Documents/universidad/Asignaturas/Tercero/Sistemas electronicos/Donkey_Kong/Freq_Pixe.vhd" sub00/vhpl04 1547212620
EN mario1 NULL "C:/Users/Alvaro/Documents/universidad/Asignaturas/Tercero/Sistemas electronicos/Donkey_Kong/ipcore_dir/mario1.vhd" sub00/vhpl00 1547212616
AR dk behavioral "C:/Users/Alvaro/Documents/universidad/Asignaturas/Tercero/Sistemas electronicos/Donkey_Kong/DK.vhd" sub00/vhpl27 1547212643
EN vga_driver NULL "C:/Users/Alvaro/Documents/universidad/Asignaturas/Tercero/Sistemas electronicos/Donkey_Kong/VGA_driver.vhd" sub00/vhpl12 1547212628
EN barril NULL "C:/Users/Alvaro/Documents/universidad/Asignaturas/Tercero/Sistemas electronicos/Donkey_Kong/barril.vhd" sub00/vhpl22 1547212638
EN comparador NULL "C:/Users/Alvaro/Documents/universidad/Asignaturas/Tercero/Sistemas electronicos/Donkey_Kong/comparador.vhd" sub00/vhpl08 1547212624
AR barril_mem barril_mem_a "C:/Users/Alvaro/Documents/universidad/Asignaturas/Tercero/Sistemas electronicos/Donkey_Kong/ipcore_dir/barril_mem.vhd" sub00/vhpl25 1547212641
EN sprites2 NULL "C:/Users/Alvaro/Documents/universidad/Asignaturas/Tercero/Sistemas electronicos/Donkey_Kong/ipcore_dir/sprites2.vhd" sub00/vhpl28 1545427873
EN contador NULL "C:/Users/Alvaro/Documents/universidad/Asignaturas/Tercero/Sistemas electronicos/Donkey_Kong/contador.vhd" sub00/vhpl06 1547212622
EN mario NULL "C:/Users/Alvaro/Documents/universidad/Asignaturas/Tercero/Sistemas electronicos/Donkey_Kong/Mario.vhd" sub00/vhpl16 1547212632
AR control_b behavioral "C:/Users/Alvaro/Documents/universidad/Asignaturas/Tercero/Sistemas electronicos/Donkey_Kong/control_b.vhd" sub00/vhpl21 1547212637
EN gen_color NULL "C:/Users/Alvaro/Documents/universidad/Asignaturas/Tercero/Sistemas electronicos/Donkey_Kong/Gen_color.vhd" sub00/vhpl10 1547212626
AR mario1 mario1_a "C:/Users/Alvaro/Documents/universidad/Asignaturas/Tercero/Sistemas electronicos/Donkey_Kong/ipcore_dir/mario1.vhd" sub00/vhpl01 1547212617
AR contador behavioral "C:/Users/Alvaro/Documents/universidad/Asignaturas/Tercero/Sistemas electronicos/Donkey_Kong/contador.vhd" sub00/vhpl07 1547212623
