V3 58
FL "C:/Users/Alvaro/Documents/universidad/Asignaturas/Tercero/Sistemas electronicos/Donkey_Kong/barril.vhd" 2019/01/11.12:47:26 P.49d
EN work/barril 1547212638 \
      FL "C:/Users/Alvaro/Documents/universidad/Asignaturas/Tercero/Sistemas electronicos/Donkey_Kong/barril.vhd" \
      PB ieee/std_logic_1164 1354696159 PB ieee/NUMERIC_STD 1354696164
AR work/barril/Behavioral 1547212639 \
      FL "C:/Users/Alvaro/Documents/universidad/Asignaturas/Tercero/Sistemas electronicos/Donkey_Kong/barril.vhd" \
      EN work/barril 1547212638
FL "C:/Users/Alvaro/Documents/universidad/Asignaturas/Tercero/Sistemas electronicos/Donkey_Kong/comparador.vhd" 2018/12/05.09:31:07 P.49d
EN work/comparador 1547212624 \
      FL "C:/Users/Alvaro/Documents/universidad/Asignaturas/Tercero/Sistemas electronicos/Donkey_Kong/comparador.vhd" \
      PB ieee/std_logic_1164 1354696159 PB ieee/NUMERIC_STD 1354696164
AR work/comparador/Behavioral 1547212625 \
      FL "C:/Users/Alvaro/Documents/universidad/Asignaturas/Tercero/Sistemas electronicos/Donkey_Kong/comparador.vhd" \
      EN work/comparador 1547212624
FL "C:/Users/Alvaro/Documents/universidad/Asignaturas/Tercero/Sistemas electronicos/Donkey_Kong/contador.vhd" 2018/12/05.09:30:37 P.49d
EN work/contador 1547212622 \
      FL "C:/Users/Alvaro/Documents/universidad/Asignaturas/Tercero/Sistemas electronicos/Donkey_Kong/contador.vhd" \
      PB ieee/std_logic_1164 1354696159 PB ieee/NUMERIC_STD 1354696164
AR work/contador/Behavioral 1547212623 \
      FL "C:/Users/Alvaro/Documents/universidad/Asignaturas/Tercero/Sistemas electronicos/Donkey_Kong/contador.vhd" \
      EN work/contador 1547212622
FL "C:/Users/Alvaro/Documents/universidad/Asignaturas/Tercero/Sistemas electronicos/Donkey_Kong/control_b.vhd" 2018/12/20.14:42:03 P.49d
EN work/control_b 1547212636 \
      FL "C:/Users/Alvaro/Documents/universidad/Asignaturas/Tercero/Sistemas electronicos/Donkey_Kong/control_b.vhd" \
      PB ieee/std_logic_1164 1354696159 PB ieee/NUMERIC_STD 1354696164
AR work/control_b/Behavioral 1547212637 \
      FL "C:/Users/Alvaro/Documents/universidad/Asignaturas/Tercero/Sistemas electronicos/Donkey_Kong/control_b.vhd" \
      EN work/control_b 1547212636
FL "C:/Users/Alvaro/Documents/universidad/Asignaturas/Tercero/Sistemas electronicos/Donkey_Kong/control_m.vhd" 2018/12/18.17:30:38 P.49d
EN work/control_m 1547212634 \
      FL "C:/Users/Alvaro/Documents/universidad/Asignaturas/Tercero/Sistemas electronicos/Donkey_Kong/control_m.vhd" \
      PB ieee/std_logic_1164 1354696159 PB ieee/NUMERIC_STD 1354696164
AR work/control_m/Behavioral 1547212635 \
      FL "C:/Users/Alvaro/Documents/universidad/Asignaturas/Tercero/Sistemas electronicos/Donkey_Kong/control_m.vhd" \
      EN work/control_m 1547212634
FL "C:/Users/Alvaro/Documents/universidad/Asignaturas/Tercero/Sistemas electronicos/Donkey_Kong/DK.vhd" 2018/12/21.18:15:23 P.49d
EN work/DK 1547212642 \
      FL "C:/Users/Alvaro/Documents/universidad/Asignaturas/Tercero/Sistemas electronicos/Donkey_Kong/DK.vhd" \
      PB ieee/std_logic_1164 1354696159 PB ieee/NUMERIC_STD 1354696164
AR work/DK/Behavioral 1547212643 \
      FL "C:/Users/Alvaro/Documents/universidad/Asignaturas/Tercero/Sistemas electronicos/Donkey_Kong/DK.vhd" \
      EN work/DK 1547212642 CP VGA_driver CP stage CP Mario CP control_m CP control_b \
      CP barril CP barril_mem
FL "C:/Users/Alvaro/Documents/universidad/Asignaturas/Tercero/Sistemas electronicos/Donkey_Kong/Freq_Pixe.vhd" 2018/12/05.09:29:52 P.49d
EN work/Freq_Pixe 1547212620 \
      FL "C:/Users/Alvaro/Documents/universidad/Asignaturas/Tercero/Sistemas electronicos/Donkey_Kong/Freq_Pixe.vhd" \
      PB ieee/std_logic_1164 1354696159
AR work/Freq_Pixe/Behavioral 1547212621 \
      FL "C:/Users/Alvaro/Documents/universidad/Asignaturas/Tercero/Sistemas electronicos/Donkey_Kong/Freq_Pixe.vhd" \
      EN work/Freq_Pixe 1547212620
FL "C:/Users/Alvaro/Documents/universidad/Asignaturas/Tercero/Sistemas electronicos/Donkey_Kong/Gen_color.vhd" 2018/12/18.09:43:11 P.49d
EN work/Gen_color 1547212626 \
      FL "C:/Users/Alvaro/Documents/universidad/Asignaturas/Tercero/Sistemas electronicos/Donkey_Kong/Gen_color.vhd" \
      PB ieee/std_logic_1164 1354696159 PB ieee/NUMERIC_STD 1354696164
AR work/Gen_color/Behavioral 1547212627 \
      FL "C:/Users/Alvaro/Documents/universidad/Asignaturas/Tercero/Sistemas electronicos/Donkey_Kong/Gen_color.vhd" \
      EN work/Gen_color 1547212626
FL "C:/Users/Alvaro/Documents/universidad/Asignaturas/Tercero/Sistemas electronicos/Donkey_Kong/ipcore_dir/barril_mem.vhd" 2018/12/21.18:18:36 P.49d
EN work/barril_mem 1547212640 \
      FL "C:/Users/Alvaro/Documents/universidad/Asignaturas/Tercero/Sistemas electronicos/Donkey_Kong/ipcore_dir/barril_mem.vhd" \
      PB ieee/std_logic_1164 1354696159
AR work/barril_mem/barril_mem_a 1547212641 \
      FL "C:/Users/Alvaro/Documents/universidad/Asignaturas/Tercero/Sistemas electronicos/Donkey_Kong/ipcore_dir/barril_mem.vhd" \
      EN work/barril_mem 1547212640
FL "C:/Users/Alvaro/Documents/universidad/Asignaturas/Tercero/Sistemas electronicos/Donkey_Kong/ipcore_dir/mario1.vhd" 2018/12/21.14:39:44 P.49d
EN work/mario1 1547212616 \
      FL "C:/Users/Alvaro/Documents/universidad/Asignaturas/Tercero/Sistemas electronicos/Donkey_Kong/ipcore_dir/mario1.vhd" \
      PB ieee/std_logic_1164 1354696159
AR work/mario1/mario1_a 1547212617 \
      FL "C:/Users/Alvaro/Documents/universidad/Asignaturas/Tercero/Sistemas electronicos/Donkey_Kong/ipcore_dir/mario1.vhd" \
      EN work/mario1 1547212616
FL "C:/Users/Alvaro/Documents/universidad/Asignaturas/Tercero/Sistemas electronicos/Donkey_Kong/ipcore_dir/sprites.vhd" 2018/12/21.23:36:45 P.49d
EN work/sprites 1547212618 \
      FL "C:/Users/Alvaro/Documents/universidad/Asignaturas/Tercero/Sistemas electronicos/Donkey_Kong/ipcore_dir/sprites.vhd" \
      PB ieee/std_logic_1164 1354696159
AR work/sprites/sprites_a 1547212619 \
      FL "C:/Users/Alvaro/Documents/universidad/Asignaturas/Tercero/Sistemas electronicos/Donkey_Kong/ipcore_dir/sprites.vhd" \
      EN work/sprites 1547212618
FL "C:/Users/Alvaro/Documents/universidad/Asignaturas/Tercero/Sistemas electronicos/Donkey_Kong/ipcore_dir/sprites2.vhd" 2018/12/21.21:21:57 P.49d
EN work/sprites2 1545427873 \
      FL "C:/Users/Alvaro/Documents/universidad/Asignaturas/Tercero/Sistemas electronicos/Donkey_Kong/ipcore_dir/sprites2.vhd" \
      PB ieee/std_logic_1164 1354696159
AR work/sprites2/sprites2_a 1545427874 \
      FL "C:/Users/Alvaro/Documents/universidad/Asignaturas/Tercero/Sistemas electronicos/Donkey_Kong/ipcore_dir/sprites2.vhd" \
      EN work/sprites2 1545427873
FL "C:/Users/Alvaro/Documents/universidad/Asignaturas/Tercero/Sistemas electronicos/Donkey_Kong/Mario.vhd" 2018/12/21.20:28:40 P.49d
EN work/Mario 1547212632 \
      FL "C:/Users/Alvaro/Documents/universidad/Asignaturas/Tercero/Sistemas electronicos/Donkey_Kong/Mario.vhd" \
      PB ieee/std_logic_1164 1354696159 PB ieee/NUMERIC_STD 1354696164
AR work/Mario/Behavioral 1547212633 \
      FL "C:/Users/Alvaro/Documents/universidad/Asignaturas/Tercero/Sistemas electronicos/Donkey_Kong/Mario.vhd" \
      EN work/Mario 1547212632 CP mario1
FL "C:/Users/Alvaro/Documents/universidad/Asignaturas/Tercero/Sistemas electronicos/Donkey_Kong/stage.vhd" 2019/01/11.14:12:05 P.49d
EN work/stage 1547212630 \
      FL "C:/Users/Alvaro/Documents/universidad/Asignaturas/Tercero/Sistemas electronicos/Donkey_Kong/stage.vhd" \
      PB ieee/std_logic_1164 1354696159 PB ieee/NUMERIC_STD 1354696164
AR work/stage/Behavioral 1547212631 \
      FL "C:/Users/Alvaro/Documents/universidad/Asignaturas/Tercero/Sistemas electronicos/Donkey_Kong/stage.vhd" \
      EN work/stage 1547212630 CP sprites
FL "C:/Users/Alvaro/Documents/universidad/Asignaturas/Tercero/Sistemas electronicos/Donkey_Kong/VGA_driver.vhd" 2018/12/18.09:45:52 P.49d
EN work/VGA_driver 1547212628 \
      FL "C:/Users/Alvaro/Documents/universidad/Asignaturas/Tercero/Sistemas electronicos/Donkey_Kong/VGA_driver.vhd" \
      PB ieee/std_logic_1164 1354696159 PB ieee/NUMERIC_STD 1354696164
AR work/VGA_driver/Behavioral 1547212629 \
      FL "C:/Users/Alvaro/Documents/universidad/Asignaturas/Tercero/Sistemas electronicos/Donkey_Kong/VGA_driver.vhd" \
      EN work/VGA_driver 1547212628 CP Freq_Pixe CP contador CP comparador \
      CP Gen_color
